// Jest Snapshot v1, https://goo.gl/fbAQLP

exports[`Render Home component 1`] = `
<div
  className="quote"
>
  <fieldset>
    <legend>
      Quotes
    </legend>
    <p>
      Dear Math, please grow up and solve your own problems. I’m tired of solving them for you.
      <span>
        — Anonymous
      </span>
    </p>
    <p>
      If people do not believe that mathematics is simple, it is only because they do not realize how complicated life is.
      <span>
        — John von Neumann
      </span>
    </p>
  </fieldset>
</div>
`;

exports[`Render Quote component 1`] = `
<div
  className="quote"
>
  <fieldset>
    <legend>
      Quotes
    </legend>
    <p>
      Dear Math, please grow up and solve your own problems. I’m tired of solving them for you.
      <span>
        — Anonymous
      </span>
    </p>
    <p>
      If people do not believe that mathematics is simple, it is only because they do not realize how complicated life is.
      <span>
        — John von Neumann
      </span>
    </p>
  </fieldset>
</div>
`;
